extraction failed: com.instagram.apk
extraction failed: com.instagram.androd.apk
